// Jest Snapshot v1, https://goo.gl/fbAQLP

exports[`<Input> renders correctly 1`] = `
<View
  style={
    Object {
      "marginBottom": 20,
    }
  }
>
  <Text
    style={
      Object {
        "color": "#6c757d",
        "fontSize": 18,
        "fontWeight": "500",
        "marginBottom": 5,
      }
    }
  >
    Label
  </Text>
  <View
    style={
      Object {
        "backgroundColor": "#F5F5F5",
        "borderRadius": 10,
        "justifyContent": "space-between",
        "paddingHorizontal": 10,
        "paddingVertical": 5,
        "width": "100%",
      }
    }
  >
    <TextInput
      accessibilityLabel="input"
      label="Label"
      onChangeText={[MockFunction]}
      placeholderTextColor="#BDBDBD"
      style={
        Array [
          Array [
            Object {
              "fontSize": 18,
              "fontWeight": "700",
              "height": 50,
              "paddingHorizontal": 2,
              "textAlignVertical": "top",
            },
            undefined,
          ],
          undefined,
        ]
      }
      value="Value"
    />
  </View>
</View>
`;
