// Jest Snapshot v1, https://goo.gl/fbAQLP

exports[`<Button> renders correctly 1`] = `
<View
  accessible={true}
  collapsable={false}
  focusable={true}
  onBlur={[Function]}
  onClick={[Function]}
  onFocus={[Function]}
  onResponderGrant={[Function]}
  onResponderMove={[Function]}
  onResponderRelease={[Function]}
  onResponderTerminate={[Function]}
  onResponderTerminationRequest={[Function]}
  onStartShouldSetResponder={[Function]}
  style={
    Array [
      Array [
        Object {
          "alignItems": "center",
          "borderRadius": 30,
          "height": 60,
          "justifyContent": "center",
          "padding": 5,
          "width": "auto",
        },
        Object {
          "backgroundColor": "#007bff",
        },
      ],
      undefined,
      undefined,
    ]
  }
/>
`;
