// Jest Snapshot v1, https://goo.gl/fbAQLP

exports[`function FullScreenLoader() {
  return (0, _jsxRuntime.jsx)(_reactNative.View, {
    style: styles.container,
    children: (0, _jsxRuntime.jsx)(_reactNative.ActivityIndicator, {
      size: "large",
      color: _colors.default.primary
    })
  });
}.name renders correctly 1`] = `
<View
  style={
    Object {
      "alignItems": "center",
      "backgroundColor": "#fff",
      "flexGrow": 1,
      "justifyContent": "center",
    }
  }
>
  <ActivityIndicator
    color="#007bff"
    size="large"
  />
</View>
`;
