// Jest Snapshot v1, https://goo.gl/fbAQLP

exports[`<NoteDetails> renders correctly 1`] = `
<View
  style={
    Object {
      "backgroundColor": "#fff",
      "flex": 1,
      "flexGrow": 1,
      "height": "100%",
      "padding": 20,
    }
  }
>
  <View
    style={
      Object {
        "marginBottom": 20,
      }
    }
  >
    <Text
      style={
        Object {
          "color": "#6c757d",
          "fontSize": 18,
          "paddingBottom": 5,
        }
      }
    >
      Title
    </Text>
    <Text
      style={
        Object {
          "color": "#000000",
          "fontSize": 20,
        }
      }
    >
      Note title
    </Text>
  </View>
  <View
    style={
      Object {
        "marginBottom": 20,
      }
    }
  >
    <Text
      style={
        Object {
          "color": "#6c757d",
          "fontSize": 18,
          "paddingBottom": 5,
        }
      }
    >
      Description
    </Text>
    <Text
      style={
        Object {
          "color": "#000000",
          "fontSize": 20,
        }
      }
    >
      Note description
    </Text>
  </View>
  <View
    style={
      Object {
        "marginBottom": 20,
      }
    }
  >
    <Text
      style={
        Object {
          "color": "#6c757d",
          "fontSize": 18,
          "paddingBottom": 5,
        }
      }
    >
      Date
    </Text>
    <Text
      style={
        Object {
          "color": "#000000",
          "fontSize": 20,
        }
      }
    >
      2023-2-15
    </Text>
  </View>
  <View
    style={
      Object {
        "marginBottom": 20,
      }
    }
  >
    <Text
      style={
        Object {
          "color": "#6c757d",
          "fontSize": 18,
          "paddingBottom": 5,
        }
      }
    >
      Note
    </Text>
    <Text
      style={
        Object {
          "color": "#000000",
          "fontSize": 20,
        }
      }
    >
      Note note
    </Text>
  </View>
</View>
`;
