// Jest Snapshot v1, https://goo.gl/fbAQLP

exports[`<HeaderLeft> renders correctly 1`] = `
<View
  accessibilityLabel="go to previous page"
  accessible={true}
  collapsable={false}
  focusable={true}
  onClick={[Function]}
  onResponderGrant={[Function]}
  onResponderMove={[Function]}
  onResponderRelease={[Function]}
  onResponderTerminate={[Function]}
  onResponderTerminationRequest={[Function]}
  onStartShouldSetResponder={[Function]}
  style={
    Object {
      "opacity": 1,
    }
  }
>
  <AntIcon
    color="white"
    name="arrowleft"
    size={20}
    style={
      Object {
        "marginRight": 20,
      }
    }
  />
</View>
`;
